[0.014s] Invoking command in '/home/kepler/lightning_lm_ws/build/livox_ros_driver2': CMAKE_PREFIX_PATH=${CMAKE_PREFIX_PATH}:/opt/ros/humble /usr/bin/cmake /home/kepler/lightning_lm_ws/src/livox_ros_driver2 -DAMENT_CMAKE_SYMLINK_INSTALL=1 -DCMAKE_INSTALL_PREFIX=/home/kepler/lightning_lm_ws/install/livox_ros_driver2
[0.129s] -- The C compiler identification is GNU 11.4.0
[0.228s] -- The CXX compiler identification is GNU 11.4.0
[0.240s] -- Detecting C compiler ABI info
[0.343s] -- Detecting C compiler ABI info - done
[0.354s] -- Check for working C compiler: /usr/bin/cc - skipped
[0.354s] -- Detecting C compile features
[0.355s] -- Detecting C compile features - done
[0.361s] -- Detecting CXX compiler ABI info
[0.487s] -- Detecting CXX compiler ABI info - done
[0.500s] -- Check for working CXX compiler: /usr/bin/c++ - skipped
[0.500s] -- Detecting CXX compile features
[0.501s] -- Detecting CXX compile features - done
[0.503s] -- livox_ros_driver2 version: 1.2.6
[0.506s] -- Found ament_cmake_auto: 1.3.14 (/opt/ros/humble/share/ament_cmake_auto/cmake)
[0.710s] -- Found Python3: /usr/bin/python3 (found version "3.10.12") found components: Interpreter 
[0.795s] -- Override CMake install command with custom implementation using symlinks instead of copying resources
[0.923s] -- Using all available rosidl_typesupport_c: rosidl_typesupport_fastrtps_c;rosidl_typesupport_introspection_c
[0.933s] -- Found rosidl_adapter: 3.1.9 (/opt/ros/humble/share/rosidl_adapter/cmake)
[1.006s] -- Using all available rosidl_typesupport_cpp: rosidl_typesupport_fastrtps_cpp;rosidl_typesupport_introspection_cpp
[1.149s] -- Found rmw_implementation_cmake: 6.1.2 (/opt/ros/humble/share/rmw_implementation_cmake/cmake)
[1.152s] -- Found rmw_fastrtps_cpp: 6.2.10 (/opt/ros/humble/share/rmw_fastrtps_cpp/cmake)
[1.275s] -- Found OpenSSL: /usr/lib/x86_64-linux-gnu/libcrypto.so (found version "3.0.2")  
[1.312s] -- Found FastRTPS: /opt/ros/humble/include  
[1.364s] -- Using RMW implementation 'rmw_fastrtps_cpp' as default
[1.374s] -- Looking for pthread.h
[1.478s] -- Looking for pthread.h - found
[1.478s] -- Performing Test CMAKE_HAVE_LIBC_PTHREAD
[1.580s] -- Performing Test CMAKE_HAVE_LIBC_PTHREAD - Success
[1.581s] -- Found Threads: TRUE  
[1.828s] -- Checking for module 'eigen3'
[1.847s] --   Found eigen3, version 3.4.0
[1.893s] -- Found Eigen: /usr/include/eigen3 (Required is at least version "3.1") 
[1.893s] -- Eigen found (include: /usr/include/eigen3, version: 3.4.0)
[1.948s] -- Checking for module 'flann'
[1.966s] --   Found flann, version 1.9.1
[2.024s] -- Found FLANN: /usr/lib/x86_64-linux-gnu/libflann_cpp.so  
[2.024s] -- FLANN found (include: /usr/include, lib: /usr/lib/x86_64-linux-gnu/libflann_cpp.so)
[3.327s] -- Checking for module 'libusb-1.0'
[3.347s] --   Found libusb-1.0, version 1.0.25
[3.399s] -- Found libusb: /usr/lib/x86_64-linux-gnu/libusb-1.0.so  
[3.401s] -- OpenNI found (version: 1.5.4.0, include: /usr/include/ni, lib: /usr/lib/libOpenNI.so;libusb::libusb)
[3.489s] -- OpenNI2 found (version: 2.2.0.33, include: /usr/include/openni2, lib: /usr/lib/x86_64-linux-gnu/libOpenNI2.so;libusb::libusb)
[3.703s] -- Eigen found (include: /usr/include/eigen3, version: 3.4.0)
[3.712s] -- OpenNI found (version: 1.5.4.0, include: /usr/include/ni, lib: /usr/lib/libOpenNI.so;libusb::libusb)
[3.721s] -- OpenNI2 found (version: 2.2.0.33, include: /usr/include/openni2, lib: /usr/lib/x86_64-linux-gnu/libOpenNI2.so;libusb::libusb)
[3.932s] -- Found Qhull version 8.0.2
[4.132s] -- OpenNI found (version: 1.5.4.0, include: /usr/include/ni, lib: /usr/lib/libOpenNI.so;libusb::libusb)
[4.312s] -- Found PCL_COMMON: /usr/lib/x86_64-linux-gnu/libpcl_common.so  
[4.313s] -- Found PCL_KDTREE: /usr/lib/x86_64-linux-gnu/libpcl_kdtree.so  
[4.318s] -- Found PCL_OCTREE: /usr/lib/x86_64-linux-gnu/libpcl_octree.so  
[4.320s] -- Found PCL_SEARCH: /usr/lib/x86_64-linux-gnu/libpcl_search.so  
[4.322s] -- Found PCL_SAMPLE_CONSENSUS: /usr/lib/x86_64-linux-gnu/libpcl_sample_consensus.so  
[4.323s] -- Found PCL_FILTERS: /usr/lib/x86_64-linux-gnu/libpcl_filters.so  
[4.324s] -- Found PCL_2D: /usr/include/pcl-1.12  
[4.325s] -- Found PCL_GEOMETRY: /usr/include/pcl-1.12  
[4.326s] -- Found PCL_IO: /usr/lib/x86_64-linux-gnu/libpcl_io.so  
[4.328s] -- Found PCL_FEATURES: /usr/lib/x86_64-linux-gnu/libpcl_features.so  
[4.329s] -- Found PCL_ML: /usr/lib/x86_64-linux-gnu/libpcl_ml.so  
[4.330s] -- Found PCL_SEGMENTATION: /usr/lib/x86_64-linux-gnu/libpcl_segmentation.so  
[4.332s] -- Found PCL_VISUALIZATION: /usr/lib/x86_64-linux-gnu/libpcl_visualization.so  
[4.334s] -- Found PCL_SURFACE: /usr/lib/x86_64-linux-gnu/libpcl_surface.so  
[4.335s] -- Found PCL_REGISTRATION: /usr/lib/x86_64-linux-gnu/libpcl_registration.so  
[4.337s] -- Found PCL_KEYPOINTS: /usr/lib/x86_64-linux-gnu/libpcl_keypoints.so  
[4.339s] -- Found PCL_TRACKING: /usr/lib/x86_64-linux-gnu/libpcl_tracking.so  
[4.340s] -- Found PCL_RECOGNITION: /usr/lib/x86_64-linux-gnu/libpcl_recognition.so  
[4.342s] -- Found PCL_STEREO: /usr/lib/x86_64-linux-gnu/libpcl_stereo.so  
[4.343s] -- Found PCL_APPS: /usr/lib/x86_64-linux-gnu/libpcl_apps.so  
[4.345s] -- Found PCL_IN_HAND_SCANNER: /usr/include/pcl-1.12  
[4.345s] -- Found PCL_MODELER: /usr/include/pcl-1.12  
[4.346s] -- Found PCL_POINT_CLOUD_EDITOR: /usr/include/pcl-1.12  
[4.347s] -- Found PCL_OUTOFCORE: /usr/lib/x86_64-linux-gnu/libpcl_outofcore.so  
[4.349s] -- Found PCL_PEOPLE: /usr/lib/x86_64-linux-gnu/libpcl_people.so  
[4.414s] -- Found PkgConfig: /usr/bin/pkg-config (found version "0.29.2") 
[4.416s] -- Checking for module 'apr-1'
[4.440s] --   Found apr-1, version 1.7.0
[4.492s] -- APR include directories: /usr/include/apr-1.0
[4.492s] -- APR libraries: apr-1
[4.808s] -- Found ament_cmake_ros: 0.10.0 (/opt/ros/humble/share/ament_cmake_ros/cmake)
[5.101s] -- Using all available rosidl_typesupport_c: rosidl_typesupport_fastrtps_c;rosidl_typesupport_introspection_c
[5.443s] -- Using all available rosidl_typesupport_cpp: rosidl_typesupport_fastrtps_cpp;rosidl_typesupport_introspection_cpp
[5.477s] -- Found PythonInterp: /usr/bin/python3 (found suitable version "3.10.12", minimum required is "3.6") 
[5.480s] -- Found python_cmake_module: 0.10.0 (/opt/ros/humble/share/python_cmake_module/cmake)
[5.515s] -- Found PythonLibs: /usr/lib/x86_64-linux-gnu/libpython3.10.so (found suitable version "3.10.12", minimum required is "3.5") 
[5.515s] -- Using PYTHON_EXECUTABLE: /usr/bin/python3
[5.515s] -- Using PYTHON_INCLUDE_DIRS: /usr/include/python3.10
[5.515s] -- Using PYTHON_LIBRARIES: /usr/lib/x86_64-linux-gnu/libpython3.10.so
[5.544s] -- Found PythonExtra: .so  
[5.693s] -- Using bundled Livox-SDK2 for amd64
[5.709s] -- Found ament_lint_auto: 0.12.15 (/opt/ros/humble/share/ament_lint_auto/cmake)
[5.746s] -- Added test 'copyright' to check source files copyright and LICENSE
[5.752s] -- Added test 'cppcheck' to perform static code analysis on C / C++ code
[5.753s] -- Configured cppcheck include dirs: /home/kepler/lightning_lm_ws/src/livox_ros_driver2/Livox-SDK2/include;/home/kepler/lightning_lm_ws/src/livox_ros_driver2/3rdparty;/home/kepler/lightning_lm_ws/src/livox_ros_driver2/src
[5.753s] -- Configured cppcheck exclude dirs and/or files: 
[5.759s] -- Added test 'cpplint' to check C / C++ code against the Google style
[5.759s] -- Configured cpplint exclude dirs and/or files: 
[5.761s] -- Added test 'flake8' to check Python code syntax and style conventions
[5.764s] -- Added test 'lint_cmake' to check CMake code style
[5.765s] -- Added test 'pep257' to check Python code against some of the docstring style conventions in PEP 257
[5.770s] -- Added test 'uncrustify' to check C / C++ code style
[5.770s] -- Configured uncrustify additional arguments: 
[5.771s] -- Added test 'xmllint' to check XML markup files
[5.777s] -- Configuring done
[5.874s] -- Generating done
[5.899s] -- Build files have been written to: /home/kepler/lightning_lm_ws/build/livox_ros_driver2
[5.923s] Invoked command in '/home/kepler/lightning_lm_ws/build/livox_ros_driver2' returned '0': CMAKE_PREFIX_PATH=${CMAKE_PREFIX_PATH}:/opt/ros/humble /usr/bin/cmake /home/kepler/lightning_lm_ws/src/livox_ros_driver2 -DAMENT_CMAKE_SYMLINK_INSTALL=1 -DCMAKE_INSTALL_PREFIX=/home/kepler/lightning_lm_ws/install/livox_ros_driver2
[5.927s] Invoking command in '/home/kepler/lightning_lm_ws/build/livox_ros_driver2': CMAKE_PREFIX_PATH=${CMAKE_PREFIX_PATH}:/opt/ros/humble /usr/bin/cmake --build /home/kepler/lightning_lm_ws/build/livox_ros_driver2 -- -j28 -l28
[5.993s] [  1%] [34m[1mGenerating C code for ROS interfaces[0m
[6.007s] [  3%] [34m[1mGenerating C++ code for ROS interfaces[0m
[6.008s] [  5%] [34m[1mGenerating Rust code for ROS interfaces[0m
[6.009s] [  6%] [32mBuilding CXX object CMakeFiles/livox_ros_driver2_node.dir/rclcpp_components/node_main_livox_ros_driver2_node.cpp.o[0m
[6.021s] [  6%] Built target ament_cmake_python_symlink_livox_ros_driver2
[6.340s] running egg_info
[6.341s] creating livox_ros_driver2.egg-info
[6.341s] writing livox_ros_driver2.egg-info/PKG-INFO
[6.342s] writing dependency_links to livox_ros_driver2.egg-info/dependency_links.txt
[6.342s] writing top-level names to livox_ros_driver2.egg-info/top_level.txt
[6.342s] writing manifest file 'livox_ros_driver2.egg-info/SOURCES.txt'
[6.345s] reading manifest file 'livox_ros_driver2.egg-info/SOURCES.txt'
[6.345s] writing manifest file 'livox_ros_driver2.egg-info/SOURCES.txt'
[6.382s] [  6%] Built target ament_cmake_python_build_livox_ros_driver2_egg
[6.554s] [  6%] Built target livox_interfaces2__rs
[6.610s] [  6%] Built target livox_interfaces2__cpp
[6.616s] [  8%] [32mBuilding C object CMakeFiles/livox_interfaces2__rosidl_generator_c.dir/rosidl_generator_c/livox_ros_driver2/msg/detail/custom_point__functions.c.o[0m
[6.619s] [ 10%] [32mBuilding C object CMakeFiles/livox_interfaces2__rosidl_generator_c.dir/rosidl_generator_c/livox_ros_driver2/msg/detail/custom_msg__functions.c.o[0m
[6.627s] [ 12%] [34m[1mGenerating C++ introspection for ROS interfaces[0m
[6.628s] [ 15%] [34m[1mGenerating C++ type support dispatch for ROS interfaces[0m
[6.628s] [ 15%] [34m[1mGenerating C++ type support for eProsima Fast-RTPS[0m
[6.703s] [ 17%] [32m[1mLinking C shared library liblivox_ros_driver2__rosidl_generator_c.so[0m
[6.762s] [ 17%] Built target livox_interfaces2__rosidl_generator_c
[6.779s] [ 18%] [34m[1mGenerating C type support for eProsima Fast-RTPS[0m
[6.780s] [ 22%] [34m[1mGenerating C introspection for ROS interfaces[0m
[6.781s] [ 22%] [34m[1mGenerating C type support dispatch for ROS interfaces[0m
[7.217s] [ 24%] [32mBuilding CXX object CMakeFiles/livox_interfaces2__rosidl_typesupport_introspection_cpp.dir/rosidl_typesupport_introspection_cpp/livox_ros_driver2/msg/detail/custom_point__type_support.cpp.o[0m
[7.217s] [ 25%] [32mBuilding CXX object CMakeFiles/livox_interfaces2__rosidl_typesupport_introspection_cpp.dir/rosidl_typesupport_introspection_cpp/livox_ros_driver2/msg/detail/custom_msg__type_support.cpp.o[0m
[7.244s] [ 27%] [32mBuilding CXX object CMakeFiles/livox_interfaces2__rosidl_typesupport_fastrtps_cpp.dir/rosidl_typesupport_fastrtps_cpp/livox_ros_driver2/msg/detail/dds_fastrtps/custom_point__type_support.cpp.o[0m
[7.245s] [ 29%] [32mBuilding CXX object CMakeFiles/livox_interfaces2__rosidl_typesupport_cpp.dir/rosidl_typesupport_cpp/livox_ros_driver2/msg/custom_msg__type_support.cpp.o[0m
[7.246s] [ 31%] [32mBuilding CXX object CMakeFiles/livox_interfaces2__rosidl_typesupport_fastrtps_cpp.dir/rosidl_typesupport_fastrtps_cpp/livox_ros_driver2/msg/detail/dds_fastrtps/custom_msg__type_support.cpp.o[0m
[7.248s] [ 32%] [32mBuilding CXX object CMakeFiles/livox_interfaces2__rosidl_typesupport_cpp.dir/rosidl_typesupport_cpp/livox_ros_driver2/msg/custom_point__type_support.cpp.o[0m
[7.354s] [ 36%] [32mBuilding CXX object CMakeFiles/livox_interfaces2__rosidl_typesupport_c.dir/rosidl_typesupport_c/livox_ros_driver2/msg/custom_point__type_support.cpp.o[0m
[7.354s] [ 36%] [32mBuilding CXX object CMakeFiles/livox_interfaces2__rosidl_typesupport_c.dir/rosidl_typesupport_c/livox_ros_driver2/msg/custom_msg__type_support.cpp.o[0m
[7.395s] [ 37%] [32mBuilding CXX object CMakeFiles/livox_interfaces2__rosidl_typesupport_fastrtps_c.dir/rosidl_typesupport_fastrtps_c/livox_ros_driver2/msg/detail/custom_point__type_support_c.cpp.o[0m
[7.395s] [ 39%] [32mBuilding CXX object CMakeFiles/livox_interfaces2__rosidl_typesupport_fastrtps_c.dir/rosidl_typesupport_fastrtps_c/livox_ros_driver2/msg/detail/custom_msg__type_support_c.cpp.o[0m
[7.411s] [ 41%] [32m[1mLinking CXX shared library liblivox_ros_driver2__rosidl_typesupport_c.so[0m
[7.445s] [ 44%] [32mBuilding C object CMakeFiles/livox_interfaces2__rosidl_typesupport_introspection_c.dir/rosidl_typesupport_introspection_c/livox_ros_driver2/msg/detail/custom_point__type_support.c.o[0m
[7.445s] [ 44%] [32mBuilding C object CMakeFiles/livox_interfaces2__rosidl_typesupport_introspection_c.dir/rosidl_typesupport_introspection_c/livox_ros_driver2/msg/detail/custom_msg__type_support.c.o[0m
[7.490s] [ 44%] Built target livox_interfaces2__rosidl_typesupport_c
[7.525s] [ 46%] [32m[1mLinking C shared library liblivox_ros_driver2__rosidl_typesupport_introspection_c.so[0m
[7.583s] [ 46%] Built target livox_interfaces2__rosidl_typesupport_introspection_c
[7.609s] [ 48%] [32m[1mLinking CXX shared library liblivox_ros_driver2__rosidl_typesupport_cpp.so[0m
[7.681s] [ 48%] Built target livox_interfaces2__rosidl_typesupport_cpp
[7.720s] [ 50%] [32mBuilding CXX object CMakeFiles/livox_ros_driver2.dir/src/driver_node.cpp.o[0m
[7.722s] [ 51%] [32mBuilding CXX object CMakeFiles/livox_ros_driver2.dir/src/comm/lidar_imu_data_queue.cpp.o[0m
[7.722s] [ 53%] [32mBuilding CXX object CMakeFiles/livox_ros_driver2.dir/src/livox_ros_driver2.cpp.o[0m
[7.722s] [ 55%] [32mBuilding CXX object CMakeFiles/livox_ros_driver2.dir/src/lddc.cpp.o[0m
[7.723s] [ 56%] [32mBuilding CXX object CMakeFiles/livox_ros_driver2.dir/src/lds_lidar.cpp.o[0m
[7.723s] [ 58%] [32mBuilding CXX object CMakeFiles/livox_ros_driver2.dir/src/lds.cpp.o[0m
[7.724s] [ 60%] [32mBuilding CXX object CMakeFiles/livox_ros_driver2.dir/src/comm/comm.cpp.o[0m
[7.724s] [ 62%] [32mBuilding CXX object CMakeFiles/livox_ros_driver2.dir/src/parse_cfg_file/parse_livox_lidar_cfg.cpp.o[0m
[7.725s] [ 65%] [32mBuilding CXX object CMakeFiles/livox_ros_driver2.dir/src/comm/semaphore.cpp.o[0m
[7.725s] [ 65%] [32mBuilding CXX object CMakeFiles/livox_ros_driver2.dir/src/comm/cache_index.cpp.o[0m
[7.726s] [ 67%] [32mBuilding CXX object CMakeFiles/livox_ros_driver2.dir/src/comm/ldq.cpp.o[0m
[7.726s] [ 68%] [32mBuilding CXX object CMakeFiles/livox_ros_driver2.dir/src/comm/pub_handler.cpp.o[0m
[7.728s] [ 70%] [32mBuilding CXX object CMakeFiles/livox_ros_driver2.dir/src/parse_cfg_file/parse_cfg_file.cpp.o[0m
[7.729s] [ 72%] [32mBuilding CXX object CMakeFiles/livox_ros_driver2.dir/src/call_back/lidar_common_callback.cpp.o[0m
[7.729s] [ 74%] [32mBuilding CXX object CMakeFiles/livox_ros_driver2.dir/src/call_back/livox_lidar_callback.cpp.o[0m
[7.853s] [ 75%] [32m[1mLinking CXX shared library liblivox_ros_driver2__rosidl_typesupport_introspection_cpp.so[0m
[7.993s] [ 75%] Built target livox_interfaces2__rosidl_typesupport_introspection_cpp
[8.009s] [ 77%] [32m[1mLinking CXX shared library liblivox_ros_driver2__rosidl_typesupport_fastrtps_c.so[0m
[8.020s] [ 79%] [32m[1mLinking CXX shared library liblivox_ros_driver2__rosidl_typesupport_fastrtps_cpp.so[0m
[8.150s] [ 79%] Built target livox_interfaces2__rosidl_typesupport_fastrtps_cpp
[8.183s] [ 79%] Built target livox_interfaces2__rosidl_typesupport_fastrtps_c
[8.220s] [ 79%] Built target livox_interfaces2
[8.258s] [ 81%] [34m[1mGenerating Python code for ROS interfaces[0m
[9.450s] [ 81%] Built target livox_interfaces2__py
[9.489s] [ 82%] [32mBuilding C object CMakeFiles/livox_interfaces2__rosidl_generator_py.dir/rosidl_generator_py/livox_ros_driver2/msg/_custom_point_s.c.o[0m
[9.490s] [ 84%] [32mBuilding C object CMakeFiles/livox_interfaces2__rosidl_generator_py.dir/rosidl_generator_py/livox_ros_driver2/msg/_custom_msg_s.c.o[0m
[9.666s] [ 86%] [32m[1mLinking C shared library rosidl_generator_py/livox_ros_driver2/liblivox_interfaces2__rosidl_generator_py.so[0m
[9.735s] [ 86%] Built target livox_interfaces2__rosidl_generator_py
[9.769s] [ 87%] [32mBuilding C object CMakeFiles/livox_ros_driver2__rosidl_typesupport_fastrtps_c__pyext.dir/rosidl_generator_py/livox_ros_driver2/_livox_ros_driver2_s.ep.rosidl_typesupport_fastrtps_c.c.o[0m
[9.770s] [ 89%] [32mBuilding C object CMakeFiles/livox_ros_driver2__rosidl_typesupport_introspection_c__pyext.dir/rosidl_generator_py/livox_ros_driver2/_livox_ros_driver2_s.ep.rosidl_typesupport_introspection_c.c.o[0m
[9.771s] [ 91%] [32mBuilding C object CMakeFiles/livox_ros_driver2__rosidl_typesupport_c__pyext.dir/rosidl_generator_py/livox_ros_driver2/_livox_ros_driver2_s.ep.rosidl_typesupport_c.c.o[0m
[9.919s] [ 93%] [32m[1mLinking C shared library rosidl_generator_py/livox_ros_driver2/livox_ros_driver2_s__rosidl_typesupport_introspection_c.cpython-310-x86_64-linux-gnu.so[0m
[9.921s] [ 94%] [32m[1mLinking C shared library rosidl_generator_py/livox_ros_driver2/livox_ros_driver2_s__rosidl_typesupport_fastrtps_c.cpython-310-x86_64-linux-gnu.so[0m
[9.931s] [ 96%] [32m[1mLinking C shared library rosidl_generator_py/livox_ros_driver2/livox_ros_driver2_s__rosidl_typesupport_c.cpython-310-x86_64-linux-gnu.so[0m
[9.991s] [ 96%] Built target livox_ros_driver2__rosidl_typesupport_fastrtps_c__pyext
[9.991s] [ 96%] Built target livox_ros_driver2__rosidl_typesupport_introspection_c__pyext
[9.996s] [ 96%] Built target livox_ros_driver2__rosidl_typesupport_c__pyext
[10.641s] [ 98%] [32m[1mLinking CXX executable livox_ros_driver2_node[0m
[10.826s] [ 98%] Built target livox_ros_driver2_node
[18.454s] [100%] [32m[1mLinking CXX shared library liblivox_ros_driver2.so[0m
[19.181s] [100%] Built target livox_ros_driver2
[19.198s] Invoked command in '/home/kepler/lightning_lm_ws/build/livox_ros_driver2' returned '0': CMAKE_PREFIX_PATH=${CMAKE_PREFIX_PATH}:/opt/ros/humble /usr/bin/cmake --build /home/kepler/lightning_lm_ws/build/livox_ros_driver2 -- -j28 -l28
[19.211s] Invoking command in '/home/kepler/lightning_lm_ws/build/livox_ros_driver2': CMAKE_PREFIX_PATH=${CMAKE_PREFIX_PATH}:/opt/ros/humble /usr/bin/cmake --install /home/kepler/lightning_lm_ws/build/livox_ros_driver2
[19.221s] -- Install configuration: ""
[19.222s] -- Execute custom install script
[19.222s] -- Symlinking: /home/kepler/lightning_lm_ws/install/livox_ros_driver2/share/ament_index/resource_index/rosidl_interfaces/livox_ros_driver2
[19.235s] -- Symlinking: /home/kepler/lightning_lm_ws/install/livox_ros_driver2/include/livox_ros_driver2/livox_ros_driver2/msg/custom_msg.h
[19.246s] -- Symlinking: /home/kepler/lightning_lm_ws/install/livox_ros_driver2/include/livox_ros_driver2/livox_ros_driver2/msg/custom_point.h
[19.258s] -- Symlinking: /home/kepler/lightning_lm_ws/install/livox_ros_driver2/include/livox_ros_driver2/livox_ros_driver2/msg/detail/custom_msg__functions.h
[19.269s] -- Symlinking: /home/kepler/lightning_lm_ws/install/livox_ros_driver2/include/livox_ros_driver2/livox_ros_driver2/msg/detail/custom_msg__struct.h
[19.279s] -- Symlinking: /home/kepler/lightning_lm_ws/install/livox_ros_driver2/include/livox_ros_driver2/livox_ros_driver2/msg/detail/custom_msg__type_support.h
[19.288s] -- Symlinking: /home/kepler/lightning_lm_ws/install/livox_ros_driver2/include/livox_ros_driver2/livox_ros_driver2/msg/detail/custom_point__functions.h
[19.298s] -- Symlinking: /home/kepler/lightning_lm_ws/install/livox_ros_driver2/include/livox_ros_driver2/livox_ros_driver2/msg/detail/custom_point__struct.h
[19.308s] -- Symlinking: /home/kepler/lightning_lm_ws/install/livox_ros_driver2/include/livox_ros_driver2/livox_ros_driver2/msg/detail/custom_point__type_support.h
[19.316s] -- Symlinking: /home/kepler/lightning_lm_ws/install/livox_ros_driver2/include/livox_ros_driver2/livox_ros_driver2/msg/rosidl_generator_c__visibility_control.h
[19.326s] -- Symlinking: /home/kepler/lightning_lm_ws/install/livox_ros_driver2/share/livox_ros_driver2/environment/library_path.sh
[19.335s] -- Symlinking: /home/kepler/lightning_lm_ws/install/livox_ros_driver2/share/livox_ros_driver2/environment/library_path.dsv
[19.344s] -- Symlinking: /home/kepler/lightning_lm_ws/install/livox_ros_driver2/include/livox_ros_driver2/livox_ros_driver2/msg/detail/custom_msg__rosidl_typesupport_fastrtps_c.h
[19.354s] -- Symlinking: /home/kepler/lightning_lm_ws/install/livox_ros_driver2/include/livox_ros_driver2/livox_ros_driver2/msg/detail/custom_point__rosidl_typesupport_fastrtps_c.h
[19.363s] -- Symlinking: /home/kepler/lightning_lm_ws/install/livox_ros_driver2/include/livox_ros_driver2/livox_ros_driver2/msg/rosidl_typesupport_fastrtps_c__visibility_control.h
[19.372s] -- Symlinking: /home/kepler/lightning_lm_ws/install/livox_ros_driver2/include/livox_ros_driver2/livox_ros_driver2/msg/detail/custom_msg__rosidl_typesupport_introspection_c.h
[19.383s] -- Symlinking: /home/kepler/lightning_lm_ws/install/livox_ros_driver2/include/livox_ros_driver2/livox_ros_driver2/msg/detail/custom_point__rosidl_typesupport_introspection_c.h
[19.396s] -- Symlinking: /home/kepler/lightning_lm_ws/install/livox_ros_driver2/include/livox_ros_driver2/livox_ros_driver2/msg/rosidl_typesupport_introspection_c__visibility_control.h
[19.408s] -- Symlinking: /home/kepler/lightning_lm_ws/install/livox_ros_driver2/include/livox_ros_driver2/livox_ros_driver2/msg/custom_msg.hpp
[19.420s] -- Symlinking: /home/kepler/lightning_lm_ws/install/livox_ros_driver2/include/livox_ros_driver2/livox_ros_driver2/msg/custom_point.hpp
[19.432s] -- Symlinking: /home/kepler/lightning_lm_ws/install/livox_ros_driver2/include/livox_ros_driver2/livox_ros_driver2/msg/detail/custom_msg__builder.hpp
[19.443s] -- Symlinking: /home/kepler/lightning_lm_ws/install/livox_ros_driver2/include/livox_ros_driver2/livox_ros_driver2/msg/detail/custom_msg__struct.hpp
[19.456s] -- Symlinking: /home/kepler/lightning_lm_ws/install/livox_ros_driver2/include/livox_ros_driver2/livox_ros_driver2/msg/detail/custom_msg__traits.hpp
[19.467s] -- Symlinking: /home/kepler/lightning_lm_ws/install/livox_ros_driver2/include/livox_ros_driver2/livox_ros_driver2/msg/detail/custom_msg__type_support.hpp
[19.478s] -- Symlinking: /home/kepler/lightning_lm_ws/install/livox_ros_driver2/include/livox_ros_driver2/livox_ros_driver2/msg/detail/custom_point__builder.hpp
[19.488s] -- Symlinking: /home/kepler/lightning_lm_ws/install/livox_ros_driver2/include/livox_ros_driver2/livox_ros_driver2/msg/detail/custom_point__struct.hpp
[19.499s] -- Symlinking: /home/kepler/lightning_lm_ws/install/livox_ros_driver2/include/livox_ros_driver2/livox_ros_driver2/msg/detail/custom_point__traits.hpp
[19.510s] -- Symlinking: /home/kepler/lightning_lm_ws/install/livox_ros_driver2/include/livox_ros_driver2/livox_ros_driver2/msg/detail/custom_point__type_support.hpp
[19.519s] -- Symlinking: /home/kepler/lightning_lm_ws/install/livox_ros_driver2/include/livox_ros_driver2/livox_ros_driver2/msg/rosidl_generator_cpp__visibility_control.hpp
[19.528s] -- Symlinking: /home/kepler/lightning_lm_ws/install/livox_ros_driver2/include/livox_ros_driver2/livox_ros_driver2/msg/detail/custom_msg__rosidl_typesupport_fastrtps_cpp.hpp
[19.539s] -- Symlinking: /home/kepler/lightning_lm_ws/install/livox_ros_driver2/include/livox_ros_driver2/livox_ros_driver2/msg/detail/custom_point__rosidl_typesupport_fastrtps_cpp.hpp
[19.550s] -- Symlinking: /home/kepler/lightning_lm_ws/install/livox_ros_driver2/include/livox_ros_driver2/livox_ros_driver2/msg/rosidl_typesupport_fastrtps_cpp__visibility_control.h
[19.559s] -- Symlinking: /home/kepler/lightning_lm_ws/install/livox_ros_driver2/include/livox_ros_driver2/livox_ros_driver2/msg/detail/custom_msg__rosidl_typesupport_introspection_cpp.hpp
[19.569s] -- Symlinking: /home/kepler/lightning_lm_ws/install/livox_ros_driver2/include/livox_ros_driver2/livox_ros_driver2/msg/detail/custom_point__rosidl_typesupport_introspection_cpp.hpp
[19.579s] -- Symlinking: /home/kepler/lightning_lm_ws/install/livox_ros_driver2/share/livox_ros_driver2/environment/pythonpath.sh
[19.588s] -- Symlinking: /home/kepler/lightning_lm_ws/install/livox_ros_driver2/share/livox_ros_driver2/environment/pythonpath.dsv
[19.599s] -- Symlinking: /home/kepler/lightning_lm_ws/install/livox_ros_driver2/local/lib/python3.10/dist-packages/livox_ros_driver2-1.0.0-py3.10.egg-info/PKG-INFO
[19.610s] -- Symlinking: /home/kepler/lightning_lm_ws/install/livox_ros_driver2/local/lib/python3.10/dist-packages/livox_ros_driver2-1.0.0-py3.10.egg-info/SOURCES.txt
[19.623s] -- Symlinking: /home/kepler/lightning_lm_ws/install/livox_ros_driver2/local/lib/python3.10/dist-packages/livox_ros_driver2-1.0.0-py3.10.egg-info/dependency_links.txt
[19.635s] -- Symlinking: /home/kepler/lightning_lm_ws/install/livox_ros_driver2/local/lib/python3.10/dist-packages/livox_ros_driver2-1.0.0-py3.10.egg-info/top_level.txt
[19.646s] -- Symlinking: /home/kepler/lightning_lm_ws/install/livox_ros_driver2/local/lib/python3.10/dist-packages/livox_ros_driver2/__init__.py
[19.656s] -- Symlinking: /home/kepler/lightning_lm_ws/install/livox_ros_driver2/local/lib/python3.10/dist-packages/livox_ros_driver2/_livox_ros_driver2_s.ep.rosidl_typesupport_c.c
[19.667s] -- Symlinking: /home/kepler/lightning_lm_ws/install/livox_ros_driver2/local/lib/python3.10/dist-packages/livox_ros_driver2/_livox_ros_driver2_s.ep.rosidl_typesupport_fastrtps_c.c
[19.679s] -- Symlinking: /home/kepler/lightning_lm_ws/install/livox_ros_driver2/local/lib/python3.10/dist-packages/livox_ros_driver2/_livox_ros_driver2_s.ep.rosidl_typesupport_introspection_c.c
[19.690s] -- Symlinking: /home/kepler/lightning_lm_ws/install/livox_ros_driver2/local/lib/python3.10/dist-packages/livox_ros_driver2/liblivox_interfaces2__rosidl_generator_py.so
[19.700s] -- Symlinking: /home/kepler/lightning_lm_ws/install/livox_ros_driver2/local/lib/python3.10/dist-packages/livox_ros_driver2/livox_ros_driver2_s__rosidl_typesupport_c.cpython-310-x86_64-linux-gnu.so
[19.712s] -- Symlinking: /home/kepler/lightning_lm_ws/install/livox_ros_driver2/local/lib/python3.10/dist-packages/livox_ros_driver2/livox_ros_driver2_s__rosidl_typesupport_fastrtps_c.cpython-310-x86_64-linux-gnu.so
[19.723s] -- Symlinking: /home/kepler/lightning_lm_ws/install/livox_ros_driver2/local/lib/python3.10/dist-packages/livox_ros_driver2/livox_ros_driver2_s__rosidl_typesupport_introspection_c.cpython-310-x86_64-linux-gnu.so
[19.736s] -- Symlinking: /home/kepler/lightning_lm_ws/install/livox_ros_driver2/local/lib/python3.10/dist-packages/livox_ros_driver2/msg/__init__.py
[19.748s] -- Symlinking: /home/kepler/lightning_lm_ws/install/livox_ros_driver2/local/lib/python3.10/dist-packages/livox_ros_driver2/msg/_custom_msg.py
[19.758s] -- Symlinking: /home/kepler/lightning_lm_ws/install/livox_ros_driver2/local/lib/python3.10/dist-packages/livox_ros_driver2/msg/_custom_msg_s.c
[19.768s] -- Symlinking: /home/kepler/lightning_lm_ws/install/livox_ros_driver2/local/lib/python3.10/dist-packages/livox_ros_driver2/msg/_custom_point.py
[19.780s] -- Symlinking: /home/kepler/lightning_lm_ws/install/livox_ros_driver2/local/lib/python3.10/dist-packages/livox_ros_driver2/msg/_custom_point_s.c
[19.792s] -- Up-to-date symlink: /home/kepler/lightning_lm_ws/install/livox_ros_driver2/local/lib/python3.10/dist-packages/livox_ros_driver2/livox_ros_driver2_s__rosidl_typesupport_fastrtps_c.cpython-310-x86_64-linux-gnu.so
[19.792s] -- Up-to-date symlink: /home/kepler/lightning_lm_ws/install/livox_ros_driver2/local/lib/python3.10/dist-packages/livox_ros_driver2/livox_ros_driver2_s__rosidl_typesupport_introspection_c.cpython-310-x86_64-linux-gnu.so
[19.792s] -- Up-to-date symlink: /home/kepler/lightning_lm_ws/install/livox_ros_driver2/local/lib/python3.10/dist-packages/livox_ros_driver2/livox_ros_driver2_s__rosidl_typesupport_c.cpython-310-x86_64-linux-gnu.so
[19.793s] -- Symlinking: /home/kepler/lightning_lm_ws/install/livox_ros_driver2/share/ament_index/resource_index/rust_packages/livox_ros_driver2
[19.803s] -- Symlinking: /home/kepler/lightning_lm_ws/install/livox_ros_driver2/share/livox_ros_driver2/rust/Cargo.toml
[19.813s] -- Symlinking: /home/kepler/lightning_lm_ws/install/livox_ros_driver2/share/livox_ros_driver2/rust/build.rs
[19.823s] -- Symlinking: /home/kepler/lightning_lm_ws/install/livox_ros_driver2/share/livox_ros_driver2/rust/src/lib.rs
[19.833s] -- Symlinking: /home/kepler/lightning_lm_ws/install/livox_ros_driver2/share/livox_ros_driver2/rust/src/msg.rs
[19.843s] -- Symlinking: /home/kepler/lightning_lm_ws/install/livox_ros_driver2/share/livox_ros_driver2/rust/src/msg/rmw.rs
[19.853s] -- Symlinking: /home/kepler/lightning_lm_ws/install/livox_ros_driver2/share/livox_ros_driver2/msg/CustomPoint.idl
[19.863s] -- Symlinking: /home/kepler/lightning_lm_ws/install/livox_ros_driver2/share/livox_ros_driver2/msg/CustomMsg.idl
[19.872s] -- Symlinking: /home/kepler/lightning_lm_ws/install/livox_ros_driver2/share/livox_ros_driver2/msg/CustomPoint.msg
[19.881s] -- Symlinking: /home/kepler/lightning_lm_ws/install/livox_ros_driver2/share/livox_ros_driver2/msg/CustomMsg.msg
[19.891s] -- Symlinking: /home/kepler/lightning_lm_ws/install/livox_ros_driver2/lib/liblivox_lidar_sdk_shared.so
[19.901s] -- Symlinking: /home/kepler/lightning_lm_ws/install/livox_ros_driver2/lib/livox_ros_driver2/livox_ros_driver2_node
[19.911s] -- Symlinking: /home/kepler/lightning_lm_ws/install/livox_ros_driver2/lib/liblivox_ros_driver2.so
[19.921s] -- Symlinking: /home/kepler/lightning_lm_ws/install/livox_ros_driver2/share/livox_ros_driver2/config/HAP_config.json
[19.932s] -- Symlinking: /home/kepler/lightning_lm_ws/install/livox_ros_driver2/share/livox_ros_driver2/config/MID360_config.json
[19.940s] -- Symlinking: /home/kepler/lightning_lm_ws/install/livox_ros_driver2/share/livox_ros_driver2/config/MID360s_config.json
[19.949s] -- Symlinking: /home/kepler/lightning_lm_ws/install/livox_ros_driver2/share/livox_ros_driver2/config/display_point_cloud_ROS2.rviz
[19.958s] -- Symlinking: /home/kepler/lightning_lm_ws/install/livox_ros_driver2/share/livox_ros_driver2/config/mixed_HAP_MID360_config.json
[19.968s] -- Symlinking: /home/kepler/lightning_lm_ws/install/livox_ros_driver2/share/livox_ros_driver2/launch/msg_HAP_launch.py
[19.977s] -- Symlinking: /home/kepler/lightning_lm_ws/install/livox_ros_driver2/share/livox_ros_driver2/launch/msg_MID360_launch.py
[19.987s] -- Symlinking: /home/kepler/lightning_lm_ws/install/livox_ros_driver2/share/livox_ros_driver2/launch/msg_MID360s_launch.py
[20.000s] -- Symlinking: /home/kepler/lightning_lm_ws/install/livox_ros_driver2/share/livox_ros_driver2/launch/rviz_HAP_launch.py
[20.011s] -- Symlinking: /home/kepler/lightning_lm_ws/install/livox_ros_driver2/share/livox_ros_driver2/launch/rviz_MID360_launch.py
[20.023s] -- Symlinking: /home/kepler/lightning_lm_ws/install/livox_ros_driver2/share/livox_ros_driver2/launch/rviz_MID360s_launch.py
[20.034s] -- Symlinking: /home/kepler/lightning_lm_ws/install/livox_ros_driver2/share/livox_ros_driver2/launch/rviz_mixed.py
[20.047s] -- Symlinking: /home/kepler/lightning_lm_ws/install/livox_ros_driver2/share/ament_index/resource_index/package_run_dependencies/livox_ros_driver2
[20.059s] -- Symlinking: /home/kepler/lightning_lm_ws/install/livox_ros_driver2/share/ament_index/resource_index/parent_prefix_path/livox_ros_driver2
[20.069s] -- Symlinking: /home/kepler/lightning_lm_ws/install/livox_ros_driver2/share/livox_ros_driver2/environment/ament_prefix_path.sh
[20.080s] -- Symlinking: /home/kepler/lightning_lm_ws/install/livox_ros_driver2/share/livox_ros_driver2/environment/ament_prefix_path.dsv
[20.089s] -- Symlinking: /home/kepler/lightning_lm_ws/install/livox_ros_driver2/share/livox_ros_driver2/environment/path.sh
[20.101s] -- Symlinking: /home/kepler/lightning_lm_ws/install/livox_ros_driver2/share/livox_ros_driver2/environment/path.dsv
[20.110s] -- Symlinking: /home/kepler/lightning_lm_ws/install/livox_ros_driver2/share/livox_ros_driver2/local_setup.bash
[20.120s] -- Symlinking: /home/kepler/lightning_lm_ws/install/livox_ros_driver2/share/livox_ros_driver2/local_setup.sh
[20.131s] -- Symlinking: /home/kepler/lightning_lm_ws/install/livox_ros_driver2/share/livox_ros_driver2/local_setup.zsh
[20.140s] -- Symlinking: /home/kepler/lightning_lm_ws/install/livox_ros_driver2/share/livox_ros_driver2/local_setup.dsv
[20.150s] -- Symlinking: /home/kepler/lightning_lm_ws/install/livox_ros_driver2/share/livox_ros_driver2/package.dsv
[20.161s] -- Symlinking: /home/kepler/lightning_lm_ws/install/livox_ros_driver2/share/ament_index/resource_index/packages/livox_ros_driver2
[20.172s] -- Symlinking: /home/kepler/lightning_lm_ws/install/livox_ros_driver2/share/ament_index/resource_index/rclcpp_components/livox_ros_driver2
[20.182s] -- Symlinking: /home/kepler/lightning_lm_ws/install/livox_ros_driver2/share/livox_ros_driver2/cmake/rosidl_cmake-extras.cmake
[20.194s] -- Symlinking: /home/kepler/lightning_lm_ws/install/livox_ros_driver2/share/livox_ros_driver2/cmake/ament_cmake_export_dependencies-extras.cmake
[20.206s] -- Symlinking: /home/kepler/lightning_lm_ws/install/livox_ros_driver2/share/livox_ros_driver2/cmake/ament_cmake_export_include_directories-extras.cmake
[20.219s] -- Symlinking: /home/kepler/lightning_lm_ws/install/livox_ros_driver2/share/livox_ros_driver2/cmake/ament_cmake_export_libraries-extras.cmake
[20.231s] -- Symlinking: /home/kepler/lightning_lm_ws/install/livox_ros_driver2/share/livox_ros_driver2/cmake/ament_cmake_export_targets-extras.cmake
[20.241s] -- Symlinking: /home/kepler/lightning_lm_ws/install/livox_ros_driver2/share/livox_ros_driver2/cmake/rosidl_cmake_export_typesupport_targets-extras.cmake
[20.252s] -- Symlinking: /home/kepler/lightning_lm_ws/install/livox_ros_driver2/share/livox_ros_driver2/cmake/rosidl_cmake_export_typesupport_libraries-extras.cmake
[20.265s] -- Symlinking: /home/kepler/lightning_lm_ws/install/livox_ros_driver2/share/livox_ros_driver2/cmake/rosidl_cmake_aggregate_target-extras.cmake
[20.278s] -- Symlinking: /home/kepler/lightning_lm_ws/install/livox_ros_driver2/share/livox_ros_driver2/cmake/livox_ros_driver2Config.cmake
[20.289s] -- Symlinking: /home/kepler/lightning_lm_ws/install/livox_ros_driver2/share/livox_ros_driver2/cmake/livox_ros_driver2Config-version.cmake
[20.300s] -- Symlinking: /home/kepler/lightning_lm_ws/install/livox_ros_driver2/share/livox_ros_driver2/package.xml
[20.312s] -- Installing: /home/kepler/lightning_lm_ws/install/livox_ros_driver2/lib/liblivox_ros_driver2__rosidl_generator_c.so
[20.312s] -- Set runtime path of "/home/kepler/lightning_lm_ws/install/livox_ros_driver2/lib/liblivox_ros_driver2__rosidl_generator_c.so" to ""
[20.312s] -- Installing: /home/kepler/lightning_lm_ws/install/livox_ros_driver2/lib/liblivox_ros_driver2__rosidl_typesupport_fastrtps_c.so
[20.313s] -- Set runtime path of "/home/kepler/lightning_lm_ws/install/livox_ros_driver2/lib/liblivox_ros_driver2__rosidl_typesupport_fastrtps_c.so" to ""
[20.313s] -- Installing: /home/kepler/lightning_lm_ws/install/livox_ros_driver2/lib/liblivox_ros_driver2__rosidl_typesupport_introspection_c.so
[20.313s] -- Set runtime path of "/home/kepler/lightning_lm_ws/install/livox_ros_driver2/lib/liblivox_ros_driver2__rosidl_typesupport_introspection_c.so" to ""
[20.313s] -- Installing: /home/kepler/lightning_lm_ws/install/livox_ros_driver2/lib/liblivox_ros_driver2__rosidl_typesupport_c.so
[20.313s] -- Set runtime path of "/home/kepler/lightning_lm_ws/install/livox_ros_driver2/lib/liblivox_ros_driver2__rosidl_typesupport_c.so" to ""
[20.314s] -- Installing: /home/kepler/lightning_lm_ws/install/livox_ros_driver2/lib/liblivox_ros_driver2__rosidl_typesupport_fastrtps_cpp.so
[20.314s] -- Set runtime path of "/home/kepler/lightning_lm_ws/install/livox_ros_driver2/lib/liblivox_ros_driver2__rosidl_typesupport_fastrtps_cpp.so" to ""
[20.314s] -- Installing: /home/kepler/lightning_lm_ws/install/livox_ros_driver2/lib/liblivox_ros_driver2__rosidl_typesupport_introspection_cpp.so
[20.314s] -- Set runtime path of "/home/kepler/lightning_lm_ws/install/livox_ros_driver2/lib/liblivox_ros_driver2__rosidl_typesupport_introspection_cpp.so" to ""
[20.314s] -- Installing: /home/kepler/lightning_lm_ws/install/livox_ros_driver2/lib/liblivox_ros_driver2__rosidl_typesupport_cpp.so
[20.315s] -- Set runtime path of "/home/kepler/lightning_lm_ws/install/livox_ros_driver2/lib/liblivox_ros_driver2__rosidl_typesupport_cpp.so" to ""
[20.365s] Listing '/home/kepler/lightning_lm_ws/install/livox_ros_driver2/local/lib/python3.10/dist-packages/livox_ros_driver2'...
[20.365s] Compiling '/home/kepler/lightning_lm_ws/install/livox_ros_driver2/local/lib/python3.10/dist-packages/livox_ros_driver2/__init__.py'...
[20.366s] Listing '/home/kepler/lightning_lm_ws/install/livox_ros_driver2/local/lib/python3.10/dist-packages/livox_ros_driver2/msg'...
[20.366s] Compiling '/home/kepler/lightning_lm_ws/install/livox_ros_driver2/local/lib/python3.10/dist-packages/livox_ros_driver2/msg/__init__.py'...
[20.366s] Compiling '/home/kepler/lightning_lm_ws/install/livox_ros_driver2/local/lib/python3.10/dist-packages/livox_ros_driver2/msg/_custom_msg.py'...
[20.366s] Compiling '/home/kepler/lightning_lm_ws/install/livox_ros_driver2/local/lib/python3.10/dist-packages/livox_ros_driver2/msg/_custom_point.py'...
[20.371s] -- Installing: /home/kepler/lightning_lm_ws/install/livox_ros_driver2/lib/liblivox_interfaces2__rosidl_generator_py.so
[20.371s] -- Set runtime path of "/home/kepler/lightning_lm_ws/install/livox_ros_driver2/lib/liblivox_interfaces2__rosidl_generator_py.so" to ""
[20.371s] -- Installing: /home/kepler/lightning_lm_ws/install/livox_ros_driver2/share/livox_ros_driver2/cmake/export_livox_interfaces2__rosidl_generator_cExport.cmake
[20.372s] -- Installing: /home/kepler/lightning_lm_ws/install/livox_ros_driver2/share/livox_ros_driver2/cmake/export_livox_interfaces2__rosidl_generator_cExport-noconfig.cmake
[20.372s] -- Installing: /home/kepler/lightning_lm_ws/install/livox_ros_driver2/share/livox_ros_driver2/cmake/export_livox_interfaces2__rosidl_typesupport_fastrtps_cExport.cmake
[20.372s] -- Installing: /home/kepler/lightning_lm_ws/install/livox_ros_driver2/share/livox_ros_driver2/cmake/export_livox_interfaces2__rosidl_typesupport_fastrtps_cExport-noconfig.cmake
[20.373s] -- Installing: /home/kepler/lightning_lm_ws/install/livox_ros_driver2/share/livox_ros_driver2/cmake/livox_interfaces2__rosidl_typesupport_introspection_cExport.cmake
[20.373s] -- Installing: /home/kepler/lightning_lm_ws/install/livox_ros_driver2/share/livox_ros_driver2/cmake/livox_interfaces2__rosidl_typesupport_introspection_cExport-noconfig.cmake
[20.373s] -- Installing: /home/kepler/lightning_lm_ws/install/livox_ros_driver2/share/livox_ros_driver2/cmake/livox_interfaces2__rosidl_typesupport_cExport.cmake
[20.373s] -- Installing: /home/kepler/lightning_lm_ws/install/livox_ros_driver2/share/livox_ros_driver2/cmake/livox_interfaces2__rosidl_typesupport_cExport-noconfig.cmake
[20.373s] -- Installing: /home/kepler/lightning_lm_ws/install/livox_ros_driver2/share/livox_ros_driver2/cmake/export_livox_interfaces2__rosidl_generator_cppExport.cmake
[20.373s] -- Installing: /home/kepler/lightning_lm_ws/install/livox_ros_driver2/share/livox_ros_driver2/cmake/export_livox_interfaces2__rosidl_typesupport_fastrtps_cppExport.cmake
[20.373s] -- Installing: /home/kepler/lightning_lm_ws/install/livox_ros_driver2/share/livox_ros_driver2/cmake/export_livox_interfaces2__rosidl_typesupport_fastrtps_cppExport-noconfig.cmake
[20.373s] -- Installing: /home/kepler/lightning_lm_ws/install/livox_ros_driver2/share/livox_ros_driver2/cmake/livox_interfaces2__rosidl_typesupport_introspection_cppExport.cmake
[20.374s] -- Installing: /home/kepler/lightning_lm_ws/install/livox_ros_driver2/share/livox_ros_driver2/cmake/livox_interfaces2__rosidl_typesupport_introspection_cppExport-noconfig.cmake
[20.374s] -- Installing: /home/kepler/lightning_lm_ws/install/livox_ros_driver2/share/livox_ros_driver2/cmake/livox_interfaces2__rosidl_typesupport_cppExport.cmake
[20.374s] -- Installing: /home/kepler/lightning_lm_ws/install/livox_ros_driver2/share/livox_ros_driver2/cmake/livox_interfaces2__rosidl_typesupport_cppExport-noconfig.cmake
[20.374s] -- Installing: /home/kepler/lightning_lm_ws/install/livox_ros_driver2/share/livox_ros_driver2/cmake/export_livox_interfaces2__rosidl_generator_pyExport.cmake
[20.374s] -- Installing: /home/kepler/lightning_lm_ws/install/livox_ros_driver2/share/livox_ros_driver2/cmake/export_livox_interfaces2__rosidl_generator_pyExport-noconfig.cmake
[20.376s] Invoked command in '/home/kepler/lightning_lm_ws/build/livox_ros_driver2' returned '0': CMAKE_PREFIX_PATH=${CMAKE_PREFIX_PATH}:/opt/ros/humble /usr/bin/cmake --install /home/kepler/lightning_lm_ws/build/livox_ros_driver2
