[35m[1mConsolidate compiler generated dependencies of target miao.utils[0m
[  1%] Built target lightning__cpp
[  1%] Built target livox_interfaces2__rs
[  2%] Built target livox_interfaces2__cpp
[35m[1mConsolidate compiler generated dependencies of target miao.core[0m
[  3%] Built target lightning__rs
[  6%] Built target lightning__rosidl_generator_c
[  9%] Built target livox_interfaces2__rosidl_generator_c
[  9%] Built target ament_cmake_python_symlink_livox_ros_driver2
[  9%] Built target ament_cmake_python_symlink_lightning
[ 10%] Built target miao.utils
[35m[1mConsolidate compiler generated dependencies of target lightning__rosidl_typesupport_introspection_cpp[0m
[35m[1mConsolidate compiler generated dependencies of target livox_interfaces2__rosidl_typesupport_introspection_cpp[0m
[35m[1mConsolidate compiler generated dependencies of target livox_interfaces2__rosidl_typesupport_cpp[0m
[35m[1mConsolidate compiler generated dependencies of target lightning__rosidl_typesupport_fastrtps_cpp[0m
[35m[1mConsolidate compiler generated dependencies of target lightning__rosidl_typesupport_cpp[0m
[35m[1mConsolidate compiler generated dependencies of target lightning__rosidl_typesupport_fastrtps_c[0m
[35m[1mConsolidate compiler generated dependencies of target livox_interfaces2__rosidl_typesupport_c[0m
[35m[1mConsolidate compiler generated dependencies of target livox_interfaces2__rosidl_typesupport_fastrtps_cpp[0m
[35m[1mConsolidate compiler generated dependencies of target lightning__rosidl_typesupport_c[0m
[35m[1mConsolidate compiler generated dependencies of target livox_interfaces2__rosidl_typesupport_fastrtps_c[0m
[ 13%] Built target livox_interfaces2__rosidl_typesupport_introspection_cpp
[ 16%] Built target lightning__rosidl_typesupport_introspection_cpp
[ 19%] Built target lightning__rosidl_typesupport_introspection_c
[ 22%] Built target lightning__rosidl_typesupport_c
[ 25%] Built target lightning__rosidl_typesupport_cpp
[ 32%] Built target miao.core
[ 35%] Built target livox_interfaces2__rosidl_typesupport_cpp
[ 38%] Built target lightning__rosidl_typesupport_fastrtps_cpp
[ 41%] Built target livox_interfaces2__rosidl_typesupport_c
[ 44%] Built target livox_interfaces2__rosidl_typesupport_introspection_c
[ 47%] Built target lightning__rosidl_typesupport_fastrtps_c
[ 50%] Built target livox_interfaces2__rosidl_typesupport_fastrtps_c
[ 53%] Built target livox_interfaces2__rosidl_typesupport_fastrtps_cpp
[ 53%] Built target lightning
[ 53%] Built target livox_interfaces2
[ 54%] Built target lightning__py
[ 54%] Built target livox_interfaces2__py
[ 58%] Built target lightning__rosidl_generator_py
[ 58%] Built target livox_interfaces2__rosidl_generator_py
[35m[1mConsolidate compiler generated dependencies of target lightning.libs[0m
[ 59%] Built target livox_ros_driver2__rosidl_typesupport_fastrtps_c__pyext
[ 61%] Built target livox_ros_driver2__rosidl_typesupport_introspection_c__pyext
[ 62%] Built target lightning__rosidl_typesupport_introspection_c__pyext
[ 64%] Built target lightning__rosidl_typesupport_c__pyext
[ 64%] Built target lightning__rosidl_typesupport_fastrtps_c__pyext
[ 66%] Built target livox_ros_driver2__rosidl_typesupport_c__pyext
running egg_info
writing livox_ros_driver2.egg-info/PKG-INFO
writing dependency_links to livox_ros_driver2.egg-info/dependency_links.txt
writing top-level names to livox_ros_driver2.egg-info/top_level.txt
reading manifest file 'livox_ros_driver2.egg-info/SOURCES.txt'
writing manifest file 'livox_ros_driver2.egg-info/SOURCES.txt'
running egg_info
writing lightning.egg-info/PKG-INFO
writing dependency_links to lightning.egg-info/dependency_links.txt
writing top-level names to lightning.egg-info/top_level.txt
reading manifest file 'lightning.egg-info/SOURCES.txt'
writing manifest file 'lightning.egg-info/SOURCES.txt'
[ 66%] Built target ament_cmake_python_build_livox_ros_driver2_egg
[ 66%] Built target ament_cmake_python_build_lightning_egg
[ 67%] [32mBuilding CXX object src/CMakeFiles/lightning.libs.dir/core/lio/eskf.cc.o[0m
[ 68%] [32mBuilding CXX object src/CMakeFiles/lightning.libs.dir/common/params.cc.o[0m
[ 69%] [32mBuilding CXX object src/CMakeFiles/lightning.libs.dir/core/lio/laser_mapping.cc.o[0m
[ 70%] [32mBuilding CXX object src/CMakeFiles/lightning.libs.dir/core/loop_closing/loop_closing.cc.o[0m
[ 70%] [32mBuilding CXX object src/CMakeFiles/lightning.libs.dir/core/g2p5/g2p5.cc.o[0m
[ 71%] [32mBuilding CXX object src/CMakeFiles/lightning.libs.dir/core/maps/tiled_map.cc.o[0m
[ 72%] [32mBuilding CXX object src/CMakeFiles/lightning.libs.dir/core/localization/lidar_loc/lidar_loc.cc.o[0m
[ 72%] [32mBuilding CXX object src/CMakeFiles/lightning.libs.dir/core/localization/localization_result.cc.o[0m
[ 72%] [32mBuilding CXX object src/CMakeFiles/lightning.libs.dir/core/localization/lidar_loc/pclomp/voxel_grid_covariance_omp.cpp.o[0m
[ 73%] [32mBuilding CXX object src/CMakeFiles/lightning.libs.dir/core/localization/lidar_loc/pclomp/ndt_omp.cpp.o[0m
[ 74%] [32mBuilding CXX object src/CMakeFiles/lightning.libs.dir/core/localization/pose_graph/pgo_impl.cc.o[0m
[ 75%] [32mBuilding CXX object src/CMakeFiles/lightning.libs.dir/core/localization/pose_graph/pgo.cc.o[0m
[ 76%] [32mBuilding CXX object src/CMakeFiles/lightning.libs.dir/core/localization/pose_graph/pose_extrapolator.cc.o[0m
[ 76%] [32mBuilding CXX object src/CMakeFiles/lightning.libs.dir/core/localization/localization.cpp.o[0m
[ 77%] [32mBuilding CXX object src/CMakeFiles/lightning.libs.dir/wrapper/bag_io.cc.o[0m
[ 78%] [32mBuilding CXX object src/CMakeFiles/lightning.libs.dir/ui/pangolin_window_impl.cc.o[0m
[ 79%] [32mBuilding CXX object src/CMakeFiles/lightning.libs.dir/core/system/slam.cc.o[0m
[ 80%] [32mBuilding CXX object src/CMakeFiles/lightning.libs.dir/core/system/loc_system.cc.o[0m
