Consolidate compiler generated dependencies of target lightning__rosidl_generator_c
Consolidate compiler generated dependencies of target livox_interfaces2__rosidl_generator_c
Consolidate compiler generated dependencies of target miao.utils
[  1%] Built target lightning__cpp
[  4%] Built target livox_interfaces2__rosidl_generator_c
[  5%] Built target livox_interfaces2__cpp
[  5%] Built target livox_interfaces2__rs
[  6%] Built target lightning__rs
[  9%] Built target lightning__rosidl_generator_c
[  9%] Built target ament_cmake_python_symlink_lightning
[  9%] Built target ament_cmake_python_symlink_livox_ros_driver2
[ 10%] Built target miao.utils
Consolidate compiler generated dependencies of target miao.core
Consolidate compiler generated dependencies of target lightning__rosidl_typesupport_cpp
Consolidate compiler generated dependencies of target lightning__rosidl_typesupport_introspection_cpp
Consolidate compiler generated dependencies of target lightning__rosidl_typesupport_fastrtps_cpp
Consolidate compiler generated dependencies of target livox_interfaces2__rosidl_typesupport_cpp
Consolidate compiler generated dependencies of target livox_interfaces2__rosidl_typesupport_introspection_c
Consolidate compiler generated dependencies of target livox_interfaces2__rosidl_typesupport_fastrtps_cpp
Consolidate compiler generated dependencies of target livox_interfaces2__rosidl_typesupport_c
Consolidate compiler generated dependencies of target livox_interfaces2__rosidl_typesupport_fastrtps_c
Consolidate compiler generated dependencies of target lightning__rosidl_typesupport_introspection_c
Consolidate compiler generated dependencies of target lightning__rosidl_typesupport_c
Consolidate compiler generated dependencies of target livox_interfaces2__rosidl_typesupport_introspection_cpp
Consolidate compiler generated dependencies of target lightning__rosidl_typesupport_fastrtps_c
[ 13%] Built target livox_interfaces2__rosidl_typesupport_cpp
[ 16%] Built target lightning__rosidl_typesupport_cpp
[ 19%] Built target livox_interfaces2__rosidl_typesupport_c
[ 22%] Built target lightning__rosidl_typesupport_introspection_cpp
[ 26%] Built target livox_interfaces2__rosidl_typesupport_fastrtps_c
[ 28%] Built target lightning__rosidl_typesupport_fastrtps_cpp
[ 35%] Built target miao.core
[ 38%] Built target lightning__rosidl_typesupport_introspection_c
[ 41%] Built target livox_interfaces2__rosidl_typesupport_fastrtps_cpp
[ 44%] Built target livox_interfaces2__rosidl_typesupport_introspection_c
[ 47%] Built target lightning__rosidl_typesupport_c
[ 50%] Built target livox_interfaces2__rosidl_typesupport_introspection_cpp
[ 53%] Built target lightning__rosidl_typesupport_fastrtps_c
[ 53%] Built target livox_interfaces2
Consolidate compiler generated dependencies of target lightning.libs
[ 53%] Built target lightning
[ 53%] Built target livox_interfaces2__py
[ 54%] Built target lightning__py
[ 55%] Building CXX object src/CMakeFiles/lightning.libs.dir/core/lio/pointcloud_preprocess.cc.o
[ 55%] Building CXX object src/CMakeFiles/lightning.libs.dir/core/lio/laser_mapping.cc.o
[ 55%] Building CXX object src/CMakeFiles/lightning.libs.dir/core/g2p5/g2p5.cc.o
[ 56%] Building CXX object src/CMakeFiles/lightning.libs.dir/core/maps/tiled_map.cc.o
[ 57%] Building CXX object src/CMakeFiles/lightning.libs.dir/common/params.cc.o
[ 58%] Building CXX object src/CMakeFiles/lightning.libs.dir/core/lio/eskf.cc.o
[ 59%] Building CXX object src/CMakeFiles/lightning.libs.dir/core/loop_closing/loop_closing.cc.o
Consolidate compiler generated dependencies of target livox_interfaces2__rosidl_generator_py
Consolidate compiler generated dependencies of target lightning__rosidl_generator_py
[ 59%] Building CXX object src/CMakeFiles/lightning.libs.dir/core/localization/localization_result.cc.o
[ 60%] Building CXX object src/CMakeFiles/lightning.libs.dir/core/localization/pose_graph/pgo_impl.cc.o
[ 61%] Building CXX object src/CMakeFiles/lightning.libs.dir/core/localization/pose_graph/pose_extrapolator.cc.o
[ 63%] Building CXX object src/CMakeFiles/lightning.libs.dir/core/localization/lidar_loc/lidar_loc.cc.o
[ 63%] Building CXX object src/CMakeFiles/lightning.libs.dir/core/localization/lidar_loc/pclomp/ndt_omp.cpp.o
[ 63%] Building CXX object src/CMakeFiles/lightning.libs.dir/core/localization/lidar_loc/pclomp/voxel_grid_covariance_omp.cpp.o
[ 63%] Building CXX object src/CMakeFiles/lightning.libs.dir/ui/pangolin_window.cc.o
[ 63%] Building CXX object src/CMakeFiles/lightning.libs.dir/core/localization/localization.cpp.o
[ 64%] Building CXX object src/CMakeFiles/lightning.libs.dir/ui/ui_cloud.cc.o
[ 66%] Building CXX object src/CMakeFiles/lightning.libs.dir/core/localization/pose_graph/pgo.cc.o
[ 66%] Building CXX object src/CMakeFiles/lightning.libs.dir/utils/pointcloud_utils.cc.o
[ 67%] Building CXX object src/CMakeFiles/lightning.libs.dir/ui/pangolin_window_impl.cc.o
[ 68%] Building CXX object src/CMakeFiles/lightning.libs.dir/core/system/slam.cc.o
[ 69%] Building CXX object src/CMakeFiles/lightning.libs.dir/core/system/loc_system.cc.o
[ 70%] Building CXX object src/CMakeFiles/lightning.libs.dir/wrapper/bag_io.cc.o
[ 72%] Built target livox_interfaces2__rosidl_generator_py
[ 74%] Built target lightning__rosidl_generator_py
Consolidate compiler generated dependencies of target livox_ros_driver2__rosidl_typesupport_fastrtps_c__pyext
Consolidate compiler generated dependencies of target livox_ros_driver2__rosidl_typesupport_c__pyext
Consolidate compiler generated dependencies of target livox_ros_driver2__rosidl_typesupport_introspection_c__pyext
Consolidate compiler generated dependencies of target lightning__rosidl_typesupport_fastrtps_c__pyext
[ 75%] Built target livox_ros_driver2__rosidl_typesupport_fastrtps_c__pyext
[ 77%] Built target livox_ros_driver2__rosidl_typesupport_c__pyext
[ 79%] Built target livox_ros_driver2__rosidl_typesupport_introspection_c__pyext
[ 80%] Built target lightning__rosidl_typesupport_fastrtps_c__pyext
Consolidate compiler generated dependencies of target lightning__rosidl_typesupport_introspection_c__pyext
Consolidate compiler generated dependencies of target lightning__rosidl_typesupport_c__pyext
[ 82%] Built target lightning__rosidl_typesupport_introspection_c__pyext
[ 82%] Built target lightning__rosidl_typesupport_c__pyext
running egg_info
writing livox_ros_driver2.egg-info/PKG-INFO
writing dependency_links to livox_ros_driver2.egg-info/dependency_links.txt
writing top-level names to livox_ros_driver2.egg-info/top_level.txt
reading manifest file 'livox_ros_driver2.egg-info/SOURCES.txt'
writing manifest file 'livox_ros_driver2.egg-info/SOURCES.txt'
running egg_info
writing lightning.egg-info/PKG-INFO
writing dependency_links to lightning.egg-info/dependency_links.txt
writing top-level names to lightning.egg-info/top_level.txt
reading manifest file 'lightning.egg-info/SOURCES.txt'
writing manifest file 'lightning.egg-info/SOURCES.txt'
[ 82%] Built target ament_cmake_python_build_livox_ros_driver2_egg
[ 82%] Built target ament_cmake_python_build_lightning_egg
