[  0%] Built target livox_interfaces2__rs
[  1%] Built target lightning__cpp
[  2%] Built target lightning__rs
[  5%] Built target livox_interfaces2__rosidl_generator_c
[  6%] Built target livox_interfaces2__cpp
[  9%] Built target lightning__rosidl_generator_c
[ 10%] Built target miao.utils
[ 10%] Built target ament_cmake_python_symlink_lightning
[ 10%] Built target ament_cmake_python_symlink_livox_ros_driver2
[ 17%] Built target miao.core
[ 20%] Built target lightning__rosidl_typesupport_cpp
[ 23%] Built target lightning__rosidl_typesupport_fastrtps_cpp
[ 26%] Built target livox_interfaces2__rosidl_typesupport_introspection_c
[ 29%] Built target livox_interfaces2__rosidl_typesupport_c
[ 32%] Built target livox_interfaces2__rosidl_typesupport_introspection_cpp
[ 35%] Built target lightning__rosidl_typesupport_introspection_cpp
[ 41%] Built target lightning__rosidl_typesupport_fastrtps_c
[ 41%] Built target livox_interfaces2__rosidl_typesupport_fastrtps_c
[ 44%] Built target lightning__rosidl_typesupport_introspection_c
[ 47%] Built target livox_interfaces2__rosidl_typesupport_fastrtps_cpp
[ 50%] Built target livox_interfaces2__rosidl_typesupport_cpp
[ 53%] Built target lightning__rosidl_typesupport_c
[ 53%] Built target lightning
[ 53%] Built target livox_interfaces2
[ 54%] Built target lightning__py
[ 54%] Built target livox_interfaces2__py
[ 56%] Building CXX object src/CMakeFiles/lightning.libs.dir/core/loop_closing/loop_closing.cc.o
[ 56%] Building CXX object src/CMakeFiles/lightning.libs.dir/core/lio/laser_mapping.cc.o
[ 56%] Building CXX object src/CMakeFiles/lightning.libs.dir/core/g2p5/g2p5.cc.o
[ 57%] Building CXX object src/CMakeFiles/lightning.libs.dir/common/params.cc.o
[ 58%] Building CXX object src/CMakeFiles/lightning.libs.dir/core/lio/pointcloud_preprocess.cc.o
[ 58%] Building CXX object src/CMakeFiles/lightning.libs.dir/core/lio/eskf.cc.o
[ 59%] Building CXX object src/CMakeFiles/lightning.libs.dir/core/localization/lidar_loc/lidar_loc.cc.o
[ 60%] Building CXX object src/CMakeFiles/lightning.libs.dir/core/maps/tiled_map.cc.o
[ 60%] Building CXX object src/CMakeFiles/lightning.libs.dir/core/localization/lidar_loc/pclomp/voxel_grid_covariance_omp.cpp.o
[ 60%] Building CXX object src/CMakeFiles/lightning.libs.dir/core/localization/localization_result.cc.o
[ 61%] Building CXX object src/CMakeFiles/lightning.libs.dir/core/localization/pose_graph/pose_extrapolator.cc.o
[ 62%] Building CXX object src/CMakeFiles/lightning.libs.dir/core/localization/pose_graph/pgo_impl.cc.o
[ 63%] Building CXX object src/CMakeFiles/lightning.libs.dir/core/localization/lidar_loc/pclomp/ndt_omp.cpp.o
[ 64%] Building CXX object src/CMakeFiles/lightning.libs.dir/core/localization/pose_graph/pgo.cc.o
[ 64%] Building CXX object src/CMakeFiles/lightning.libs.dir/ui/pangolin_window.cc.o
[ 65%] Building CXX object src/CMakeFiles/lightning.libs.dir/ui/pangolin_window_impl.cc.o
[ 66%] Building CXX object src/CMakeFiles/lightning.libs.dir/core/system/slam.cc.o
[ 66%] Building CXX object src/CMakeFiles/lightning.libs.dir/core/localization/localization.cpp.o
[ 67%] Building CXX object src/CMakeFiles/lightning.libs.dir/core/system/loc_system.cc.o
[ 68%] Building CXX object src/CMakeFiles/lightning.libs.dir/utils/pointcloud_utils.cc.o
[ 69%] Building CXX object src/CMakeFiles/lightning.libs.dir/wrapper/bag_io.cc.o
[ 71%] Built target lightning__rosidl_generator_py
[ 73%] Built target livox_interfaces2__rosidl_generator_py
[ 77%] Built target livox_ros_driver2__rosidl_typesupport_c__pyext
[ 77%] Built target livox_ros_driver2__rosidl_typesupport_introspection_c__pyext
[ 78%] Built target livox_ros_driver2__rosidl_typesupport_fastrtps_c__pyext
[ 79%] Built target lightning__rosidl_typesupport_fastrtps_c__pyext
[ 80%] Built target lightning__rosidl_typesupport_introspection_c__pyext
[ 81%] Built target lightning__rosidl_typesupport_c__pyext
running egg_info
writing livox_ros_driver2.egg-info/PKG-INFO
writing dependency_links to livox_ros_driver2.egg-info/dependency_links.txt
writing top-level names to livox_ros_driver2.egg-info/top_level.txt
reading manifest file 'livox_ros_driver2.egg-info/SOURCES.txt'
writing manifest file 'livox_ros_driver2.egg-info/SOURCES.txt'
[ 81%] Built target ament_cmake_python_build_livox_ros_driver2_egg
running egg_info
writing lightning.egg-info/PKG-INFO
writing dependency_links to lightning.egg-info/dependency_links.txt
writing top-level names to lightning.egg-info/top_level.txt
reading manifest file 'lightning.egg-info/SOURCES.txt'
writing manifest file 'lightning.egg-info/SOURCES.txt'
[ 81%] Built target ament_cmake_python_build_lightning_egg
