[  3%] Built target lightning__rosidl_generator_c
[  3%] Built target livox_interfaces2__rs
[  4%] Built target livox_interfaces2__cpp
[  5%] Built target lightning__rs
[  7%] Built target lightning__cpp
[  9%] Built target livox_interfaces2__rosidl_generator_c
[  9%] Built target ament_cmake_python_symlink_livox_ros_driver2
[  9%] Built target ament_cmake_python_symlink_lightning
[ 10%] Built target miao.utils
[ 17%] Built target miao.core
[ 20%] Built target livox_interfaces2__rosidl_typesupport_cpp
[ 23%] Built target livox_interfaces2__rosidl_typesupport_c
[ 26%] Built target lightning__rosidl_typesupport_fastrtps_c
[ 29%] Built target livox_interfaces2__rosidl_typesupport_introspection_c
[ 32%] Built target lightning__rosidl_typesupport_fastrtps_cpp
[ 35%] Built target lightning__rosidl_typesupport_c
[ 38%] Built target livox_interfaces2__rosidl_typesupport_fastrtps_c
[ 41%] Built target livox_interfaces2__rosidl_typesupport_fastrtps_cpp
[ 44%] Built target lightning__rosidl_typesupport_introspection_cpp
[ 47%] Built target lightning__rosidl_typesupport_introspection_c
[ 50%] Built target livox_interfaces2__rosidl_typesupport_introspection_cpp
[ 53%] Built target lightning__rosidl_typesupport_cpp
[ 53%] Built target lightning
[ 53%] Built target livox_interfaces2
[ 54%] Built target lightning__py
Consolidate compiler generated dependencies of target lightning.libs
[ 54%] Built target livox_interfaces2__py
[ 56%] Built target livox_interfaces2__rosidl_generator_py
[ 61%] Building CXX object src/CMakeFiles/lightning.libs.dir/core/lio/laser_mapping.cc.o
[ 61%] Building CXX object src/CMakeFiles/lightning.libs.dir/common/params.cc.o
[ 61%] Building CXX object src/CMakeFiles/lightning.libs.dir/core/lio/eskf.cc.o
[ 61%] Built target lightning__rosidl_generator_py
[ 61%] Building CXX object src/CMakeFiles/lightning.libs.dir/core/lio/pointcloud_preprocess.cc.o
[ 61%] Building CXX object src/CMakeFiles/lightning.libs.dir/core/g2p5/g2p5.cc.o
[ 62%] Building CXX object src/CMakeFiles/lightning.libs.dir/core/maps/tiled_map.cc.o
[ 63%] Building CXX object src/CMakeFiles/lightning.libs.dir/core/loop_closing/loop_closing.cc.o
[ 67%] Built target lightning__rosidl_typesupport_fastrtps_c__pyext
[ 67%] Building CXX object src/CMakeFiles/lightning.libs.dir/core/localization/lidar_loc/lidar_loc.cc.o
[ 67%] Built target livox_ros_driver2__rosidl_typesupport_c__pyext
[ 67%] Building CXX object src/CMakeFiles/lightning.libs.dir/core/localization/localization_result.cc.o
[ 67%] Building CXX object src/CMakeFiles/lightning.libs.dir/core/localization/lidar_loc/pclomp/voxel_grid_covariance_omp.cpp.o
[ 69%] Built target lightning__rosidl_typesupport_c__pyext
[ 70%] Built target livox_ros_driver2__rosidl_typesupport_introspection_c__pyext
[ 71%] Building CXX object src/CMakeFiles/lightning.libs.dir/core/localization/pose_graph/pgo.cc.o
[ 72%] Built target livox_ros_driver2__rosidl_typesupport_fastrtps_c__pyext
[ 72%] Building CXX object src/CMakeFiles/lightning.libs.dir/core/localization/localization.cpp.o
[ 73%] Building CXX object src/CMakeFiles/lightning.libs.dir/core/localization/lidar_loc/pclomp/ndt_omp.cpp.o
[ 74%] Building CXX object src/CMakeFiles/lightning.libs.dir/core/localization/pose_graph/pgo_impl.cc.o
[ 75%] Building CXX object src/CMakeFiles/lightning.libs.dir/utils/pointcloud_utils.cc.o
[ 76%] Building CXX object src/CMakeFiles/lightning.libs.dir/core/localization/pose_graph/pose_extrapolator.cc.o
[ 77%] Built target lightning__rosidl_typesupport_introspection_c__pyext
[ 78%] Building CXX object src/CMakeFiles/lightning.libs.dir/ui/pangolin_window.cc.o
[ 78%] Building CXX object src/CMakeFiles/lightning.libs.dir/ui/pangolin_window_impl.cc.o
[ 80%] Building CXX object src/CMakeFiles/lightning.libs.dir/wrapper/bag_io.cc.o
[ 80%] Building CXX object src/CMakeFiles/lightning.libs.dir/core/system/loc_system.cc.o
[ 81%] Building CXX object src/CMakeFiles/lightning.libs.dir/core/system/slam.cc.o
running egg_info
writing livox_ros_driver2.egg-info/PKG-INFO
writing dependency_links to livox_ros_driver2.egg-info/dependency_links.txt
writing top-level names to livox_ros_driver2.egg-info/top_level.txt
reading manifest file 'livox_ros_driver2.egg-info/SOURCES.txt'
writing manifest file 'livox_ros_driver2.egg-info/SOURCES.txt'
running egg_info
writing lightning.egg-info/PKG-INFO
writing dependency_links to lightning.egg-info/dependency_links.txt
writing top-level names to lightning.egg-info/top_level.txt
reading manifest file 'lightning.egg-info/SOURCES.txt'
writing manifest file 'lightning.egg-info/SOURCES.txt'
[ 81%] Built target ament_cmake_python_build_livox_ros_driver2_egg
[ 81%] Built target ament_cmake_python_build_lightning_egg
